<?xml version="1.0" encoding="UTF-8"?>
<testsuites name="jest tests" tests="4" failures="1" errors="0" time="7.307">
  <testsuite name="Categories" errors="0" failures="1" skipped="0" timestamp="2024-07-23T09:00:53" time="7.229" tests="4">
    <testcase classname="Categories Display categories GET /categories" name="Categories Display categories GET /categories" time="1.022">
      <failure>Error: expect(received).toBe(expected) // Object.is equality

Expected: 20
Received: 200
    at /Users/boduniyi/Documents/Toonday/Personal/Career/Automation/udemy-api/specs/categories.spec.ts:9:35
    at Generator.next (&lt;anonymous&gt;)
    at fulfilled (/Users/boduniyi/Documents/Toonday/Personal/Career/Automation/udemy-api/specs/categories.spec.ts:5:58)
    at processTicksAndRejections (node:internal/process/task_queues:95:5)</failure>
    </testcase>
    <testcase classname="Categories Create category POST /categories" name="Categories Create category POST /categories" time="0.642">
    </testcase>
    <testcase classname="Categories Update category PUT categories/id" name="Categories Update category PUT categories/id" time="0.487">
    </testcase>
    <testcase classname="Categories Delete category DEL categories/id" name="Categories Delete category DEL categories/id" time="0.49">
    </testcase>
  </testsuite>
</testsuites>